RUN A1c
A1c 0.01 {"g":6,"T":6,"counts":{"6":168},"kb_agrees":true,"nb_agrees":true,"exact_ms":0.027681,"kb_ms":0.075702,"hybrid_ms":0.03857681,"mean_estimate":168,"MARE_percent":0,"lambda":0.672,"routes":[100,0,0]}
RUN A2c
A2c 0.02 {"g":6,"T":6,"counts":{"6":320},"kb_agrees":true,"nb_agrees":true,"exact_ms":0.055733,"kb_ms":0.163361,"hybrid_ms":0.1102315,"mean_estimate":320,"MARE_percent":0,"lambda":1.28,"routes":[100,0,0]}
RUN A4c
A4c 0.03 {"g":6,"T":6,"counts":{"6":640},"kb_agrees":true,"nb_agrees":true,"exact_ms":0.111945,"kb_ms":0.364158,"hybrid_ms":0.1842848,"mean_estimate":640,"MARE_percent":0,"lambda":2.56,"routes":[97,3,0]}
RUN A8c
A8c 0.09 {"g":6,"T":6,"counts":{"6":1280},"kb_agrees":true,"nb_agrees":true,"exact_ms":0.266613,"kb_ms":0.843756,"hybrid_ms":0.71275936,"mean_estimate":1280,"MARE_percent":0,"lambda":5.12,"routes":[65,35,0]}
RUN A16c
A16c 0.15 {"g":6,"T":6,"counts":{"6":2560},"kb_agrees":true,"nb_agrees":true,"exact_ms":0.564294,"kb_ms":1.679341,"hybrid_ms":1.20887697,"mean_estimate":2621.952636,"MARE_percent":2.927319669,"lambda":10.24,"routes":[4,48,48]}
RUN A32c
A32c 0.15 {"g":6,"T":6,"counts":{"6":5120},"kb_agrees":true,"nb_agrees":true,"exact_ms":1.444654,"kb_ms":4.610331,"hybrid_ms":0.91934987,"mean_estimate":5075.74828,"MARE_percent":8.581615959,"lambda":20.48,"routes":[0,0,100]}
RUN A128c
A128c 0.45 {"g":6,"T":6,"counts":{"6":20480},"kb_agrees":true,"nb_agrees":true,"exact_ms":6.898661,"kb_ms":17.907325,"hybrid_ms":2.15706729,"mean_estimate":20330.05289,"MARE_percent":7.334369851,"lambda":81.92,"routes":[0,0,100]}
RUN A128r
A128r 1.73 {"g":6,"T":6,"counts":{"6":176},"kb_agrees":true,"nb_agrees":true,"exact_ms":7.673746,"kb_ms":77.919726,"hybrid_ms":9.76365068,"mean_estimate":176,"MARE_percent":0,"lambda":0.704,"routes":[100,0,0]}
RUN A256c
A256c 1.03 {"g":6,"T":6,"counts":{"6":40960},"kb_agrees":true,"nb_agrees":true,"exact_ms":15.683589,"kb_ms":46.324616,"hybrid_ms":4.31749907,"mean_estimate":40579.13955,"MARE_percent":8.373639505,"lambda":163.84,"routes":[0,0,100]}
RUN A256r
A256r 4.14 {"g":6,"T":6,"counts":{"6":165},"kb_agrees":true,"nb_agrees":true,"exact_ms":21.61348,"kb_ms":179.931846,"hybrid_ms":23.15440656,"mean_estimate":165,"MARE_percent":0,"lambda":0.66,"routes":[100,0,0]}
RUN B128c
B128c 0.12 {"g":6,"T":6,"counts":{"6":4608},"kb_agrees":true,"nb_agrees":true,"exact_ms":1.13045,"kb_ms":3.610645,"hybrid_ms":0.60832975,"mean_estimate":4611.681837,"MARE_percent":7.260553714,"lambda":85.33333333,"routes":[0,0,100]}
RUN B128r
B128r 0.3 {"g":6,"T":6,"counts":{"6":44},"kb_agrees":true,"nb_agrees":true,"exact_ms":1.627515,"kb_ms":10.403021,"hybrid_ms":1.91973168,"mean_estimate":44,"MARE_percent":0,"lambda":0.8148148148,"routes":[100,0,0]}
RUN C128c
C128c 2.44 {"g":6,"T":6,"counts":{"6":204928},"kb_agrees":true,"nb_agrees":true,"exact_ms":48.717004,"kb_ms":117.702626,"hybrid_ms":5.08433673,"mean_estimate":202035.3242,"MARE_percent":8.210212187,"lambda":99.57628766,"routes":[0,0,100]}
RUN C128r
C128r 17.25 {"g":6,"T":6,"counts":{"6":1590},"kb_agrees":true,"nb_agrees":true,"exact_ms":54.312268,"kb_ms":1180.561509,"hybrid_ms":60.75895896,"mean_estimate":1590,"MARE_percent":0,"lambda":0.7725947522,"routes":[100,0,0]}
RUN D1c
D1c 0.24 {"g":8,"T":8,"counts":{"8":3638},"kb_agrees":true,"nb_agrees":true,"exact_ms":1.228976,"kb_ms":5.307522,"hybrid_ms":1.60313714,"mean_estimate":3638,"MARE_percent":0,"lambda":1.940266667,"routes":[99,1,0]}
RUN D16r
D16r 5.75 {"g":8,"T":8,"counts":{"8":3663},"kb_agrees":true,"nb_agrees":true,"exact_ms":21.947756,"kb_ms":409.192815,"hybrid_ms":20.56337,"mean_estimate":3663,"MARE_percent":0,"lambda":1.9536,"routes":[99,1,0]}
RUN D16c
D16c 1.74 {"g":8,"T":8,"counts":{"8":57680},"kb_agrees":true,"nb_agrees":true,"exact_ms":23.140974,"kb_ms":91.308327,"hybrid_ms":5.07425591,"mean_estimate":57341.65743,"MARE_percent":7.734107463,"lambda":30.76266667,"routes":[0,0,100]}
RUN validation_B
validation_B 0.13 {"g":6,"T":14,"counts":{"6":40,"8":240,"10":720,"12":3380,"14":11480},"canonical_dfs_agrees":true,"exact_ms":13.066772}
RUN cactus10_200
cactus10_200 0.3 {"g":10,"T":22,"counts":{"10":200,"12":200,"14":200,"16":200,"18":200,"20":200,"22":200},"exact_ms":35.698112}
RUN cactus10_1000
cactus10_1000 1.53 {"g":10,"T":22,"counts":{"10":1000,"12":1000,"14":1000,"16":1000,"18":1000,"20":1000,"22":1000},"exact_ms":178.875996}
RUN cactus12_200
cactus12_200 0.6 {"g":12,"T":26,"counts":{"12":200,"14":200,"16":200,"18":200,"20":200,"22":200,"24":200,"26":200},"exact_ms":69.386299}
RUN cactus12_1000
cactus12_1000 2.66 {"g":12,"T":26,"counts":{"12":1000,"14":1000,"16":1000,"18":1000,"20":1000,"22":1000,"24":1000,"26":1000},"exact_ms":325.383302}
RUN A128c
A128c 0.74 {"g":6,"T":8,"counts":{"6":20480,"8":203904},"kb_agrees":true,"nb_agrees":true,"exact_ms":58.171846,"kb_ms":29.762938}
RUN A128c
A128c 4.54 {"g":6,"T":10,"counts":{"6":20480,"8":203904,"10":1069056},"kb_agrees":true,"nb_agrees":true,"exact_ms":552.370065,"kb_ms":35.624758}
RUN A128r
A128r 4.11 {"g":6,"T":8,"counts":{"6":176,"8":1709},"kb_agrees":true,"nb_agrees":true,"exact_ms":61.174176,"kb_ms":438.556224}
RUN A128r
A128r 17.73 {"g":6,"T":10,"counts":{"6":176,"8":1709,"10":8987},"kb_agrees":true,"nb_agrees":true,"exact_ms":602.577871,"kb_ms":1607.213792}
RUN D1c
D1c 0.18 {"g":8,"T":10,"counts":{"8":3638,"10":15670},"kb_agrees":true,"nb_agrees":true,"exact_ms":13.713346,"kb_ms":7.455542}
RUN D1c
D1c 8.09 {"g":8,"T":14,"counts":{"8":3638,"10":15670,"12":142582,"14":1111500},"kb_agrees":true,"nb_agrees":true,"exact_ms":974.441989,"kb_ms":12.873398}
RUN D16r
D16r 11.85 {"g":8,"T":10,"counts":{"8":3663,"10":15719},"kb_agrees":true,"nb_agrees":true,"exact_ms":178.043532,"kb_ms":1240.070732}
